0 verbose cli C:\Program Files\nodejs\node.exe C:\Program Files\nodejs\node_modules\npm\bin\npm-cli.js
1 info using npm@10.9.2
2 info using node@v22.17.1
3 silly config load:file:C:\Program Files\nodejs\node_modules\npm\npmrc
4 silly config load:file:D:\ai-resume-portfolio-builder\.npmrc
5 silly config load:file:C:\Users\faiza\.npmrc
6 silly config load:file:C:\Users\faiza\AppData\Roaming\npm\etc\npmrc
7 verbose title npm exec create-next-app@latest client
8 verbose argv "exec" "--" "create-next-app@latest" "client"
9 verbose logfile logs-max:10 dir:D:\ai-resume-portfolio-builder\npm-cache\_logs\2026-07-23T08_29_25_547Z-
10 verbose logfile D:\ai-resume-portfolio-builder\npm-cache\_logs\2026-07-23T08_29_25_547Z-debug-0.log
11 silly logfile done cleaning log files
12 silly packumentCache heap:4345298944 maxSize:1086324736 maxEntrySize:543162368
13 http fetch GET 200 https://registry.npmjs.org/create-next-app 285ms (cache revalidated)
14 silly packumentCache heap:4345298944 maxSize:1086324736 maxEntrySize:543162368
15 silly packumentCache heap:4345298944 maxSize:1086324736 maxEntrySize:543162368
16 silly idealTree buildDeps
17 silly fetch manifest create-next-app@16.2.11
18 silly packumentCache full:https://registry.npmjs.org/create-next-app cache-miss
19 http fetch GET 200 https://registry.npmjs.org/create-next-app 1022ms (cache miss)
20 silly packumentCache full:https://registry.npmjs.org/create-next-app set size:undefined disposed:false
21 silly placeDep ROOT create-next-app@16.2.11 OK for:  want: 16.2.11
22 silly reify moves {}
23 silly audit bulk request { 'create-next-app': [ '16.2.11' ] }
24 http cache create-next-app@https://registry.npmjs.org/create-next-app/-/create-next-app-16.2.11.tgz 0ms (cache hit)
25 silly tarball no local data for create-next-app@https://registry.npmjs.org/create-next-app/-/create-next-app-16.2.11.tgz. Extracting by manifest.
26 http fetch GET 200 https://registry.npmjs.org/create-next-app/-/create-next-app-16.2.11.tgz 915ms (cache miss)
27 http fetch POST 200 https://registry.npmjs.org/-/npm/v1/security/advisories/bulk 2017ms
28 silly audit report {}
29 verbose cwd D:\ai-resume-portfolio-builder
30 verbose os Windows_NT 10.0.26220
31 verbose node v22.17.1
32 verbose npm  v10.9.2
33 verbose exit 0
34 info ok
