0 verbose cli C:\Program Files\nodejs\node.exe C:\Program Files\nodejs\node_modules\npm\bin\npm-cli.js
1 info using npm@10.9.2
2 info using node@v22.17.1
3 silly config load:file:C:\Program Files\nodejs\node_modules\npm\npmrc
4 silly config load:file:D:\ai-resume-portfolio-builder\.npmrc
5 silly config load:file:C:\Users\faiza\.npmrc
6 silly config load:file:C:\Users\faiza\AppData\Roaming\npm\etc\npmrc
7 verbose title npm exec create-next-app@latest client
8 verbose argv "exec" "--" "create-next-app@latest" "client"
9 verbose logfile logs-max:10 dir:D:\ai-resume-portfolio-builder\npm-cache\_logs\2026-07-23T08_28_49_537Z-
10 verbose logfile D:\ai-resume-portfolio-builder\npm-cache\_logs\2026-07-23T08_28_49_537Z-debug-0.log
11 silly logfile done cleaning log files
12 silly packumentCache heap:4345298944 maxSize:1086324736 maxEntrySize:543162368
13 http fetch GET 200 https://registry.npmjs.org/create-next-app 545ms (cache miss)
14 silly packumentCache heap:4345298944 maxSize:1086324736 maxEntrySize:543162368
15 silly packumentCache heap:4345298944 maxSize:1086324736 maxEntrySize:543162368
16 verbose stack Error: canceled
16 verbose stack     at exec (C:\Program Files\nodejs\node_modules\npm\node_modules\libnpmexec\lib\index.js:286:19)
16 verbose stack     at process.processTicksAndRejections (node:internal/process/task_queues:105:5)
16 verbose stack     at async Npm.exec (C:\Program Files\nodejs\node_modules\npm\lib\npm.js:207:9)
16 verbose stack     at async module.exports (C:\Program Files\nodejs\node_modules\npm\lib\cli\entry.js:74:5)
17 error canceled
18 verbose cwd D:\ai-resume-portfolio-builder
19 verbose os Windows_NT 10.0.26220
20 verbose node v22.17.1
21 verbose npm  v10.9.2
22 verbose exit 1
23 verbose code 1
24 error A complete log of this run can be found in: D:\ai-resume-portfolio-builder\npm-cache\_logs\2026-07-23T08_28_49_537Z-debug-0.log
